Component: ARM Compiler 5.06 update 3 (build 300) Tool: armlink [4d35c9]

==============================================================================

Section Cross References

    startup_stm32f767xx.o(STACK) refers (Special) to heapauxi.o(.text) for __use_two_region_memory
    startup_stm32f767xx.o(HEAP) refers (Special) to heapauxi.o(.text) for __use_two_region_memory
    startup_stm32f767xx.o(RESET) refers (Special) to heapauxi.o(.text) for __use_two_region_memory
    startup_stm32f767xx.o(RESET) refers to startup_stm32f767xx.o(STACK) for __initial_sp
    startup_stm32f767xx.o(RESET) refers to startup_stm32f767xx.o(.text) for Reset_Handler
    startup_stm32f767xx.o(RESET) refers to mpu.o(i.MemManage_Handler) for MemManage_Handler
    startup_stm32f767xx.o(RESET) refers to can.o(i.CAN1_RX0_IRQHandler) for CAN1_RX0_IRQHandler
    startup_stm32f767xx.o(RESET) refers to timer.o(i.TIM3_IRQHandler) for TIM3_IRQHandler
    startup_stm32f767xx.o(RESET) refers to usmart.o(i.TIM4_IRQHandler) for TIM4_IRQHandler
    startup_stm32f767xx.o(RESET) refers to usart.o(i.USART1_IRQHandler) for USART1_IRQHandler
    startup_stm32f767xx.o(RESET) refers to usart.o(i.USART3_IRQHandler) for USART3_IRQHandler
    startup_stm32f767xx.o(RESET) refers to timer.o(i.TIM5_IRQHandler) for TIM5_IRQHandler
    startup_stm32f767xx.o(RESET) refers to usart.o(i.UART4_IRQHandler) for UART4_IRQHandler
    startup_stm32f767xx.o(RESET) refers to usart.o(i.UART5_IRQHandler) for UART5_IRQHandler
    startup_stm32f767xx.o(RESET) refers to usart.o(i.UART8_IRQHandler) for UART8_IRQHandler
    startup_stm32f767xx.o(.text) refers (Special) to heapauxi.o(.text) for __use_two_region_memory
    startup_stm32f767xx.o(.text) refers to __main.o(!!!main) for __main
    startup_stm32f767xx.o(.text) refers to startup_stm32f767xx.o(HEAP) for Heap_Mem
    startup_stm32f767xx.o(.text) refers to startup_stm32f767xx.o(STACK) for Stack_Mem
    test.o(i.main) refers to sys.o(i.Stm32_Clock_Init) for Stm32_Clock_Init
    test.o(i.main) refers to delay.o(i.delay_init) for delay_init
    test.o(i.main) refers to led.o(i.LED_Init) for LED_Init
    test.o(i.main) refers to can.o(i.CAN1_Mode_Init) for CAN1_Mode_Init
    test.o(i.main) refers to can_drive.o(i.MOTOR_init) for MOTOR_init
    test.o(i.main) refers to usart.o(i.USART1_Init) for USART1_Init
    test.o(i.main) refers to usart.o(i.USART3_Init) for USART3_Init
    test.o(i.main) refers to usart.o(i.UART4_Init) for UART4_Init
    test.o(i.main) refers to usart.o(i.UART8_Init) for UART8_Init
    test.o(i.main) refers to usart.o(i.UART5_Init) for UART5_Init
    test.o(i.main) refers to timer.o(i.TIM3_Init) for TIM3_Init
    test.o(i.main) refers to timer.o(i.TIM5_Init) for TIM5_Init
    test.o(i.main) refers to task.o(i.data_init) for data_init
    test.o(i.main) refers to task.o(i.creatTask) for creatTask
    delay.o(i.delay_init) refers to delay.o(.data) for fac_us
    delay.o(i.delay_ms) refers to delay.o(i.delay_xms) for delay_xms
    delay.o(i.delay_us) refers to delay.o(.data) for fac_us
    delay.o(i.delay_xms) refers to delay.o(.data) for fac_ms
    sys.o(i.Cache_Enable) refers to sys.o(i.SCB_EnableDCache) for SCB_EnableDCache
    sys.o(i.MY_NVIC_Init) refers to sys.o(i.MY_NVIC_PriorityGroupConfig) for MY_NVIC_PriorityGroupConfig
    sys.o(i.Stm32_Clock_Init) refers to sys.o(i.Cache_Enable) for Cache_Enable
    sys.o(i.Stm32_Clock_Init) refers to sys.o(i.Sys_Clock_Set) for Sys_Clock_Set
    sys.o(i.Stm32_Clock_Init) refers to sys.o(i.MY_NVIC_SetVectorTable) for MY_NVIC_SetVectorTable
    sys.o(i.Sys_Standby) refers to sys.o(i.WFI_SET) for WFI_SET
    usart.o(.rev16_text) refers (Special) to use_no_semi_2.o(.text) for __use_no_semihosting
    usart.o(.revsh_text) refers (Special) to use_no_semi_2.o(.text) for __use_no_semihosting
    usart.o(.rrx_text) refers (Special) to use_no_semi_2.o(.text) for __use_no_semihosting
    usart.o(i.UART4_IRQHandler) refers (Special) to use_no_semi_2.o(.text) for __use_no_semihosting
    usart.o(i.UART4_IRQHandler) refers to usart.o(.bss) for IMUDatareceive
    usart.o(i.UART4_IRQHandler) refers to usart.o(.data) for IMUDatareceiveCount
    usart.o(i.UART4_Init) refers (Special) to use_no_semi_2.o(.text) for __use_no_semihosting
    usart.o(i.UART4_Init) refers to sys.o(i.GPIO_Set) for GPIO_Set
    usart.o(i.UART4_Init) refers to sys.o(i.GPIO_AF_Set) for GPIO_AF_Set
    usart.o(i.UART4_Init) refers to sys.o(i.MY_NVIC_Init) for MY_NVIC_Init
    usart.o(i.UART5_IRQHandler) refers (Special) to use_no_semi_2.o(.text) for __use_no_semihosting
    usart.o(i.UART5_IRQHandler) refers to usart.o(.bss) for BatteryDataReceive
    usart.o(i.UART5_IRQHandler) refers to usart.o(.data) for batteryDataReceiveCnt
    usart.o(i.UART5_Init) refers (Special) to use_no_semi_2.o(.text) for __use_no_semihosting
    usart.o(i.UART5_Init) refers to sys.o(i.GPIO_Set) for GPIO_Set
    usart.o(i.UART5_Init) refers to sys.o(i.GPIO_AF_Set) for GPIO_AF_Set
[...]
    .ARM.Collect$$libshutdown$$00000002      0x080002d8   Section        0  libshutdown2.o(.ARM.Collect$$libshutdown$$00000002)
    .ARM.Collect$$libshutdown$$00000004      0x080002d8   Section        0  libshutdown2.o(.ARM.Collect$$libshutdown$$00000004)
    .ARM.Collect$$libshutdown$$00000007      0x080002d8   Section        0  libshutdown2.o(.ARM.Collect$$libshutdown$$00000007)
    .ARM.Collect$$libshutdown$$0000000A      0x080002d8   Section        0  libshutdown2.o(.ARM.Collect$$libshutdown$$0000000A)
    .ARM.Collect$$libshutdown$$0000000C      0x080002d8   Section        0  libshutdown2.o(.ARM.Collect$$libshutdown$$0000000C)
    .ARM.Collect$$libshutdown$$0000000F      0x080002d8   Section        0  libshutdown2.o(.ARM.Collect$$libshutdown$$0000000F)
    .ARM.Collect$$libshutdown$$00000010      0x080002d8   Section        2  libshutdown2.o(.ARM.Collect$$libshutdown$$00000010)
    .ARM.Collect$$rtentry$$00000000          0x080002da   Section        0  __rtentry.o(.ARM.Collect$$rtentry$$00000000)
    .ARM.Collect$$rtentry$$00000002          0x080002da   Section        0  __rtentry2.o(.ARM.Collect$$rtentry$$00000002)
    .ARM.Collect$$rtentry$$00000004          0x080002da   Section        6  __rtentry4.o(.ARM.Collect$$rtentry$$00000004)
    .ARM.Collect$$rtentry$$00000009          0x080002e0   Section        0  __rtentry2.o(.ARM.Collect$$rtentry$$00000009)
    .ARM.Collect$$rtentry$$0000000A          0x080002e0   Section        4  __rtentry2.o(.ARM.Collect$$rtentry$$0000000A)
    .ARM.Collect$$rtentry$$0000000C          0x080002e4   Section        0  __rtentry2.o(.ARM.Collect$$rtentry$$0000000C)
    .ARM.Collect$$rtentry$$0000000D          0x080002e4   Section        8  __rtentry2.o(.ARM.Collect$$rtentry$$0000000D)
    .ARM.Collect$$rtexit$$00000000           0x080002ec   Section        2  rtexit.o(.ARM.Collect$$rtexit$$00000000)
    .ARM.Collect$$rtexit$$00000002           0x080002ee   Section        0  rtexit2.o(.ARM.Collect$$rtexit$$00000002)
    .ARM.Collect$$rtexit$$00000003           0x080002ee   Section        4  rtexit2.o(.ARM.Collect$$rtexit$$00000003)
    .ARM.Collect$$rtexit$$00000004           0x080002f2   Section        6  rtexit2.o(.ARM.Collect$$rtexit$$00000004)
    .text                                    0x080002f8   Section       92  startup_stm32f767xx.o(.text)
    $v0                                      0x080002f8   Number         0  startup_stm32f767xx.o(.text)
    .text                                    0x08000354   Section        2  use_no_semi_2.o(.text)
    .text                                    0x08000358   Section        0  noretval__2printf.o(.text)
    .text                                    0x08000370   Section        0  _printf_pad.o(.text)
    .text                                    0x080003be   Section        0  _printf_str.o(.text)
    .text                                    0x08000410   Section        0  _printf_dec.o(.text)
    .text                                    0x08000488   Section        0  _printf_hex_int.o(.text)
    .text                                    0x080004e0   Section        0  __printf_flags_ss_wp.o(.text)
    .text                                    0x08000668   Section        0  heapauxi.o(.text)
    .text                                    0x0800066e   Section        2  use_no_semi.o(.text)
    .text                                    0x08000670   Section        0  _rserrno.o(.text)
    .text                                    0x08000686   Section        0  _printf_intcommon.o(.text)
    .text                                    0x08000738   Section        0  _printf_char.o(.text)
    .text                                    0x08000764   Section        0  _printf_char_file.o(.text)
    .text                                    0x08000788   Section        8  rt_errno_addr_intlibspace.o(.text)
    .text                                    0x08000790   Section        0  _printf_char_common.o(.text)
    _printf_input_char                       0x08000791   Thumb Code    10  _printf_char_common.o(.text)
    .text                                    0x080007c0   Section        0  ferror.o(.text)
    .text                                    0x080007c8   Section        8  libspace.o(.text)
    .text                                    0x080007d0   Section       74  sys_stackheap_outer.o(.text)
    .text                                    0x0800081a   Section        0  exit.o(.text)
    i.CAN1_Mode_Init                         0x0800082c   Section        0  can.o(i.CAN1_Mode_Init)
    i.CAN1_RX0_IRQHandler                    0x08000a08   Section        0  can.o(i.CAN1_RX0_IRQHandler)
    i.CAN1_Rx_Msg                            0x08000cf0   Section        0  can.o(i.CAN1_Rx_Msg)
    i.CAN1_Send                              0x08000dc8   Section        0  can_drive.o(i.CAN1_Send)
    i.CAN1_Send_Msg                          0x08000e1e   Section        0  can.o(i.CAN1_Send_Msg)
    i.CAN1_Tx_Msg                            0x08000e60   Section        0  can.o(i.CAN1_Tx_Msg)
    i.CAN1_Tx_Staus                          0x08000f6c   Section        0  can.o(i.CAN1_Tx_Staus)
    i.Cache_Enable                           0x08000ff0   Section        0  sys.o(i.Cache_Enable)
    i.CarsportR                              0x08001068   Section        0  task.o(i.CarsportR)
    i.Check_Sum                              0x080012f8   Section        0  dataprocess.o(i.Check_Sum)
    i.GPIO_AF_Set                            0x08001320   Section        0  sys.o(i.GPIO_AF_Set)
    i.GPIO_Pin_Set                           0x08001360   Section        0  sys.o(i.GPIO_Pin_Set)
    i.GPIO_Set                               0x08001370   Section        0  sys.o(i.GPIO_Set)
    i.LEDTASK                                0x08001450   Section        0  task.o(i.LEDTASK)
    i.LED_Init                               0x08001494   Section        0  led.o(i.LED_Init)
    i.MOTOR_init                             0x080014dc   Section        0  can_drive.o(i.MOTOR_init)
    i.MY_NVIC_Init                           0x080016ec   Section        0  sys.o(i.MY_NVIC_Init)
    i.MY_NVIC_PriorityGroupConfig            0x08001764   Section        0  sys.o(i.MY_NVIC_PriorityGroupConfig)
    i.MY_NVIC_SetVectorTable                 0x0800178c   Section        0  sys.o(i.MY_NVIC_SetVectorTable)
    i.MemManage_Handler                      0x0800179c   Section        0  mpu.o(i.MemManage_Handler)
    i.MotorPositionRequest                   0x080017fc   Section        0  task.o(i.MotorPositionRequest)
    i.Motor_ErrorReset_Request               0x08001834   Section        0  can_drive.o(i.Motor_ErrorReset_Request)
    i.Motor_Position_Request                 0x0800189a   Section        0  can_drive.o(i.Motor_Position_Request)
    i.Motor_Velocity                         0x080018ec   Section        0  can_drive.o(i.Motor_Velocity)
    i.Odeometer                              0x0800194c   Section        0  task.o(i.Odeometer)
    i.Output_Error                           0x08001de0   Section        0  dataprocess.o(i.Output_Error)
    i.PS2ControlRun                          0x08001e14   Section        0  task.o(i.PS2ControlRun)
    i.PS2DataRecrive                         0x08001fa4   Section        0  task.o(i.PS2DataRecrive)
    i.SCB_EnableDCache                       0x08002014   Section        0  sys.o(i.SCB_EnableDCache)
    SCB_EnableDCache                         0x08002015   Thumb Code   148  sys.o(i.SCB_EnableDCache)
    i.Stm32_Clock_Init                       0x080020b0   Section        0  sys.o(i.Stm32_Clock_Init)
    i.Sys_Clock_Set                          0x08002120   Section        0  sys.o(i.Sys_Clock_Set)
    i.Sys_Soft_Reset                         0x08002234   Section        0  sys.o(i.Sys_Soft_Reset)
    i.TIM3_IRQHandler                        0x08002244   Section        0  timer.o(i.TIM3_IRQHandler)
    i.TIM3_Init                              0x080022c4   Section        0  timer.o(i.TIM3_Init)
    i.TIM4_IRQHandler                        0x08002314   Section        0  usmart.o(i.TIM4_IRQHandler)
    i.TIM5_IRQHandler                        0x08002350   Section        0  timer.o(i.TIM5_IRQHandler)
    i.TIM5_Init                              0x0800237c   Section        0  timer.o(i.TIM5_Init)
    i.Timer4_Init                            0x080023cc   Section        0  usmart.o(i.Timer4_Init)
    i.UART4_IRQHandler                       0x0800241c   Section        0  usart.o(i.UART4_IRQHandler)
    i.UART4_Init                             0x08002460   Section        0  usart.o(i.UART4_Init)
    i.UART5_IRQHandler                       0x08002528   Section        0  usart.o(i.UART5_IRQHandler)
    i.UART5_Init                             0x08002564   Section        0  usart.o(i.UART5_Init)
    i.UART8_IRQHandler                       0x08002648   Section        0  usart.o(i.UART8_IRQHandler)
    i.UART8_Init                             0x0800268c   Section        0  usart.o(i.UART8_Init)
    i.USART1Data_Process                     0x08002750   Section        0  task.o(i.USART1Data_Process)
    i.USART1_IRQHandler                      0x080027a8   Section        0  usart.o(i.USART1_IRQHandler)
    i.USART1_Init                            0x08002808   Section        0  usart.o(i.USART1_Init)
    i.USART1_ReceiveData                     0x080028c4   Section        0  task.o(i.USART1_ReceiveData)
    i.USART1_Transmi_Data                    0x08002940   Section        0  usart.o(i.USART1_Transmi_Data)
    i.USART3_IRQHandler                      0x0800297c   Section        0  usart.o(i.USART3_IRQHandler)
    i.USART3_Init                            0x080029c0   Section        0  usart.o(i.USART3_Init)
    i.Usart1_Data_Analyse                    0x08002a88   Section        0  dataprocess.o(i.Usart1_Data_Analyse)
    i.__ARM_fpclassify                       0x08003444   Section        0  fpclassify.o(i.__ARM_fpclassify)
    i.__hardfp_cos                           0x08003478   Section        0  cos.o(i.__hardfp_cos)
    i.__hardfp_sin                           0x08003528   Section        0  sin.o(i.__hardfp_sin)
    i.__ieee754_rem_pio2                     0x080035d8   Section        0  rred.o(i.__ieee754_rem_pio2)
    i.__kernel_cos                           0x080038e8   Section        0  cos_i.o(i.__kernel_cos)
    i.__kernel_poly                          0x080039c8   Section        0  poly.o(i.__kernel_poly)
    i.__kernel_sin                           0x08003a38   Section        0  sin_i.o(i.__kernel_sin)
    i.__mathlib_dbl_invalid                  0x08003ae0   Section        0  dunder.o(i.__mathlib_dbl_invalid)
    i.__mathlib_dbl_underflow                0x08003af8   Section        0  dunder.o(i.__mathlib_dbl_underflow)
    i._is_digit                              0x08003b10   Section        0  __printf_wp.o(i._is_digit)
    i._sys_exit                              0x08003b1e   Section        0  usart.o(i._sys_exit)
    i.creatTask                              0x08003b24   Section        0  task.o(i.creatTask)
    i.data_init                              0x08003b4c   Section        0  task.o(i.data_init)
    i.delay_init                             0x08003be0   Section        0  delay.o(i.delay_init)
    i.delay_ms                               0x08003c18   Section        0  delay.o(i.delay_ms)
    i.delay_us                               0x08003c50   Section        0  delay.o(i.delay_us)
    i.delay_xms                              0x08003c8c   Section        0  delay.o(i.delay_xms)
    i.fabs                                   0x08003cc8   Section        0  fabs.o(i.fabs)
    i.fputc                                  0x08003ce0   Section        0  usart.o(i.fputc)
    i.main                                   0x08003cfc   Section        0  test.o(i.main)
    i.read_addr                              0x08003d7e   Section        0  usmart.o(i.read_addr)
    i.usmart_cmd_rec                         0x08003d84   Section        0  usmart.o(i.usmart_cmd_rec)
    i.usmart_exe                             0x08003e34   Section        0  usmart.o(i.usmart_exe)
    i.usmart_get_aparm                       0x08004108   Section        0  usmart_str.o(i.usmart_get_aparm)
    i.usmart_get_cmdname                     0x080041dc   Section        0  usmart_str.o(i.usmart_get_cmdname)
    i.usmart_get_fname                       0x08004214   Section        0  usmart_str.o(i.usmart_get_fname)
    i.usmart_get_fparam                      0x080043d4   Section        0  usmart_str.o(i.usmart_get_fparam)
    i.usmart_get_parmpos                     0x080044e0   Section        0  usmart_str.o(i.usmart_get_parmpos)
    i.usmart_get_runtime                     0x08004500   Section        0  usmart.o(i.usmart_get_runtime)
    i.usmart_init                            0x08004540   Section        0  usmart.o(i.usmart_init)
    i.usmart_pow                             0x08004568   Section        0  usmart_str.o(i.usmart_pow)
    i.usmart_reset_runtime                   0x08004580   Section        0  usmart.o(i.usmart_reset_runtime)
    i.usmart_scan                            0x080045b0   Section        0  usmart.o(i.usmart_scan)
    i.usmart_search_nextc                    0x0800466c   Section        0  usmart_str.o(i.usmart_search_nextc)
    i.usmart_str2num                         0x08004682   Section        0  usmart_str.o(i.usmart_str2num)
    i.usmart_strcmp                          0x08004788   Section        0  usmart_str.o(i.usmart_strcmp)
    i.usmart_strcopy                         0x080047aa   Section        0  usmart_str.o(i.usmart_strcopy)
    i.usmart_strlen                          0x080047c0   Section        0  usmart_str.o(i.usmart_strlen)
    i.usmart_sys_cmd_exe                     0x080047d8   Section        0  usmart.o(i.usmart_sys_cmd_exe)
    i.write_addr                             0x08004ecc   Section        0  usmart.o(i.write_addr)
    x$fpl$fpinit                             0x08004ed0   Section       10  fpinit.o(x$fpl$fpinit)
    $v0                                      0x08004ed0   Number         0  fpinit.o(x$fpl$fpinit)
    .constdata                               0x08004eda   Section       40  _printf_hex_int.o(.constdata)
    x$fpl$usenofp                            0x08004eda   Section        0  usenofp.o(x$fpl$usenofp)
    uc_hextab                                0x08004eda   Data          20  _printf_hex_int.o(.constdata)
    lc_hextab                                0x08004eee   Data          20  _printf_hex_int.o(.constdata)
    .constdata                               0x08004f02   Section       17  __printf_flags_ss_wp.o(.constdata)
    maptable                                 0x08004f02   Data          17  __printf_flags_ss_wp.o(.constdata)
    .constdata                               0x08004f18   Section       48  cos_i.o(.constdata)
    C                                        0x08004f18   Data          48  cos_i.o(.constdata)
    .constdata                               0x08004f48   Section      200  rred.o(.constdata)
    pio2s                                    0x08004f48   Data          48  rred.o(.constdata)
    twooverpi                                0x08004f78   Data         152  rred.o(.constdata)
    .constdata                               0x08005010   Section       40  sin_i.o(.constdata)
    S                                        0x08005010   Data          40  sin_i.o(.constdata)
    .conststring                             0x08005038   Section       40  usmart.o(.conststring)
    .conststring                             0x08005060   Section       96  usmart_config.o(.conststring)
    .data                                    0x20020000   Section        4  delay.o(.data)
    fac_us                                   0x20020000   Data           1  delay.o(.data)
    fac_ms                                   0x20020002   Data           2  delay.o(.data)
    .data                                    0x20020004   Section       32  usart.o(.data)
    .data                                    0x20020024   Section       40  can.o(.data)
    .data                                    0x2002004c   Section        9  can_drive.o(.data)
    .data                                    0x20020058   Section       20  timer.o(.data)
    .data                                    0x2002006c   Section      204  task.o(.data)
    .data                                    0x20020138   Section      160  dataprocess.o(.data)
    .data                                    0x200201d8   Section       26  engine.o(.data)
    .data                                    0x200201f4   Section       12  battery.o(.data)
    .data                                    0x20020200   Section       28  usmart.o(.data)
    .data                                    0x2002021c   Section      268  usmart_config.o(.data)
    .bss                                     0x20020328   Section      432  usart.o(.bss)
    .bss                                     0x200204d8   Section       24  task.o(.bss)
    .bss                                     0x200204f0   Section      168  dataprocess.o(.bss)
    .bss                                     0x20020598   Section       96  libspace.o(.bss)
    HEAP                                     0x200205f8   Section        0  startup_stm32f767xx.o(HEAP)
    STACK                                    0x200205f8   Section     2048  startup_stm32f767xx.o(STACK)
    Heap_Mem                                 0x200205f8   Data           0  startup_stm32f767xx.o(HEAP)
    Stack_Mem                                0x200205f8   Data        2048  startup_stm32f767xx.o(STACK)
    __initial_sp                             0x20020df8   Data           0  startup_stm32f767xx.o(STACK)

    Global Symbols

    Symbol Name                              Value     Ov Type        Size  Object(Section)

    BuildAttributes$$THM_ISAv4$E$P$D$K$B$S$7EM$VFPv5_D16$PE$PLD8$A:L22UL41UL21$X:L11$S22US41US21$IEEE1$IW$USESV6$~STKCKD$USESV7$~SHL$OTIME$ROPI$IEEEX$EBA8$UX$STANDARDLIB$REQ8$PRES8$EABIv2 0x00000000   Number         0  anon$$obj.o ABSOLUTE
    __ARM_use_no_argv                        0x00000000   Number         0  test.o ABSOLUTE
    _printf_flags                            0x00000000   Number         0  printf_stubs.o ABSOLUTE
    _printf_return_value                     0x00000000   Number         0  printf_stubs.o ABSOLUTE
    _printf_sizespec                         0x00000000   Number         0  printf_stubs.o ABSOLUTE
    _printf_widthprec                        0x00000000   Number         0  printf_stubs.o ABSOLUTE
    __ARM_exceptions_init                     - Undefined Weak Reference
    __alloca_initialize                       - Undefined Weak Reference
    __arm_preinit_                            - Undefined Weak Reference
    __cpp_initialize__aeabi_                  - Undefined Weak Reference
    __cxa_finalize                            - Undefined Weak Reference
    __rt_locale                               - Undefined Weak Reference
    __sigvec_lookup                           - Undefined Weak Reference
    _atexit_init                              - Undefined Weak Reference
    _call_atexit_fns                          - Undefined Weak Reference
    _clock_init                               - Undefined Weak Reference
    _fp_trap_init                             - Undefined Weak Reference
    _fp_trap_shutdown                         - Undefined Weak Reference
    _get_lc_collate                           - Undefined Weak Reference
    _get_lc_ctype                             - Undefined Weak Reference
    _get_lc_monetary                          - Undefined Weak Reference
    _get_lc_numeric                           - Undefined Weak Reference
    _get_lc_time                              - Undefined Weak Reference
    _getenv_init                              - Undefined Weak Reference
    _handle_redirection                       - Undefined Weak Reference
    _init_alloc                               - Undefined Weak Reference
    _init_user_alloc                          - Undefined Weak Reference
    _initio                                   - Undefined Weak Reference
    _mutex_acquire                            - Undefined Weak Reference
    _mutex_release                            - Undefined Weak Reference
    _printf_mbtowc                            - Undefined Weak Reference
    _printf_truncate_signed                   - Undefined Weak Reference
    _printf_truncate_unsigned                 - Undefined Weak Reference
    _rand_init                                - Undefined Weak Reference
    _signal_finish                            - Undefined Weak Reference
    _signal_init                              - Undefined Weak Reference
    _terminate_alloc                          - Undefined Weak Reference
    _terminate_user_alloc                     - Undefined Weak Reference
    _terminateio                              - Undefined Weak Reference
    __Vectors_Size                           0x000001f8   Number         0  startup_stm32f767xx.o ABSOLUTE
    __Vectors                                0x08000000   Data           4  startup_stm32f767xx.o(RESET)
    __Vectors_End                            0x080001f8   Data           0  startup_stm32f767xx.o(RESET)
    __main                                   0x080001f9   Thumb Code     8  __main.o(!!!main)
    __scatterload                            0x08000201   Thumb Code     0  __scatter.o(!!!scatter)
    __scatterload_rt2                        0x08000201   Thumb Code    44  __scatter.o(!!!scatter)
    __scatterload_rt2_thumb_only             0x08000201   Thumb Code     0  __scatter.o(!!!scatter)
    __scatterload_null                       0x0800020f   Thumb Code     0  __scatter.o(!!!scatter)
    __decompress                             0x08000235   Thumb Code    90  __dczerorl2.o(!!dczerorl2)
    __decompress1                            0x08000235   Thumb Code     0  __dczerorl2.o(!!dczerorl2)
    __scatterload_zeroinit                   0x08000291   Thumb Code    28  __scatter_zi.o(!!handler_zi)
    _printf_d                                0x080002ad   Thumb Code     0  _printf_d.o(.ARM.Collect$$_printf_percent$$00000009)
    _printf_percent                          0x080002ad   Thumb Code     0  _printf_percent.o(.ARM.Collect$$_printf_percent$$00000000)
    _printf_u                                0x080002b3   Thumb Code     0  _printf_u.o(.ARM.Collect$$_printf_percent$$0000000A)
    _printf_x                                0x080002b9   Thumb Code     0  _printf_x.o(.ARM.Collect$$_printf_percent$$0000000C)
    _printf_c                                0x080002bf   Thumb Code     0  _printf_c.o(.ARM.Collect$$_printf_percent$$00000013)
    _printf_s                                0x080002c5   Thumb Code     0  _printf_s.o(.ARM.Collect$$_printf_percent$$00000014)
    _printf_percent_end                      0x080002cb   Thumb Code     0  _printf_percent_end.o(.ARM.Collect$$_printf_percent$$00000017)
    __rt_lib_init                            0x080002cf   Thumb Code     0  libinit.o(.ARM.Collect$$libinit$$00000000)
    __rt_lib_init_fp_1                       0x080002d1   Thumb Code     0  libinit2.o(.ARM.Collect$$libinit$$00000001)
    __rt_lib_init_alloca_1                   0x080002d5   Thumb Code     0  libinit2.o(.ARM.Collect$$libinit$$0000002E)
    __rt_lib_init_argv_1                     0x080002d5   Thumb Code     0  libinit2.o(.ARM.Collect$$libinit$$0000002C)
    __rt_lib_init_atexit_1                   0x080002d5   Thumb Code     0  libinit2.o(.ARM.Collect$$libinit$$0000001B)
    __rt_lib_init_clock_1                    0x080002d5   Thumb Code     0  libinit2.o(.ARM.Collect$$libinit$$00000021)
    __rt_lib_init_cpp_1                      0x080002d5   Thumb Code     0  libinit2.o(.ARM.Collect$$libinit$$00000032)
    __rt_lib_init_exceptions_1               0x080002d5   Thumb Code     0  libinit2.o(.ARM.Collect$$libinit$$00000030)
    __rt_lib_init_fp_trap_1                  0x080002d5   Thumb Code     0  libinit2.o(.ARM.Collect$$libinit$$0000001F)
    __rt_lib_init_getenv_1                   0x080002d5   Thumb Code     0  libinit2.o(.ARM.Collect$$libinit$$00000023)
    __rt_lib_init_heap_1                     0x080002d5   Thumb Code     0  libinit2.o(.ARM.Collect$$libinit$$0000000A)
    __rt_lib_init_lc_collate_1               0x080002d5   Thumb Code     0  libinit2.o(.ARM.Collect$$libinit$$00000011)
    __rt_lib_init_lc_ctype_1                 0x080002d5   Thumb Code     0  libinit2.o(.ARM.Collect$$libinit$$00000013)
    __rt_lib_init_lc_monetary_1              0x080002d5   Thumb Code     0  libinit2.o(.ARM.Collect$$libinit$$00000015)
    __rt_lib_init_lc_numeric_1               0x080002d5   Thumb Code     0  libinit2.o(.ARM.Collect$$libinit$$00000017)
    __rt_lib_init_lc_time_1                  0x080002d5   Thumb Code     0  libinit2.o(.ARM.Collect$$libinit$$00000019)
    __rt_lib_init_preinit_1                  0x080002d5   Thumb Code     0  libinit2.o(.ARM.Collect$$libinit$$00000004)
    __rt_lib_init_rand_1                     0x080002d5   Thumb Code     0  libinit2.o(.ARM.Collect$$libinit$$0000000E)
    __rt_lib_init_return                     0x080002d5   Thumb Code     0  libinit2.o(.ARM.Collect$$libinit$$00000033)
    __rt_lib_init_signal_1                   0x080002d5   Thumb Code     0  libinit2.o(.ARM.Collect$$libinit$$0000001D)
    __rt_lib_init_stdio_1                    0x080002d5   Thumb Code     0  libinit2.o(.ARM.Collect$$libinit$$00000025)
    __rt_lib_init_user_alloc_1               0x080002d5   Thumb Code     0  libinit2.o(.ARM.Collect$$libinit$$0000000C)
    __rt_lib_shutdown                        0x080002d7   Thumb Code     0  libshutdown.o(.ARM.Collect$$libshutdown$$00000000)
    __rt_lib_shutdown_cpp_1                  0x080002d9   Thumb Code     0  libshutdown2.o(.ARM.Collect$$libshutdown$$00000002)
    __rt_lib_shutdown_fp_trap_1              0x080002d9   Thumb Code     0  libshutdown2.o(.ARM.Collect$$libshutdown$$00000007)
    __rt_lib_shutdown_heap_1                 0x080002d9   Thumb Code     0  libshutdown2.o(.ARM.Collect$$libshutdown$$0000000F)
    __rt_lib_shutdown_return                 0x080002d9   Thumb Code     0  libshutdown2.o(.ARM.Collect$$libshutdown$$00000010)
    __rt_lib_shutdown_signal_1               0x080002d9   Thumb Code     0  libshutdown2.o(.ARM.Collect$$libshutdown$$0000000A)
    __rt_lib_shutdown_stdio_1                0x080002d9   Thumb Code     0  libshutdown2.o(.ARM.Collect$$libshutdown$$00000004)
    __rt_lib_shutdown_user_alloc_1           0x080002d9   Thumb Code     0  libshutdown2.o(.ARM.Collect$$libshutdown$$0000000C)
    __rt_entry                               0x080002db   Thumb Code     0  __rtentry.o(.ARM.Collect$$rtentry$$00000000)
    __rt_entry_presh_1                       0x080002db   Thumb Code     0  __rtentry2.o(.ARM.Collect$$rtentry$$00000002)
    __rt_entry_sh                            0x080002db   Thumb Code     0  __rtentry4.o(.ARM.Collect$$rtentry$$00000004)
    __rt_entry_li                            0x080002e1   Thumb Code     0  __rtentry2.o(.ARM.Collect$$rtentry$$0000000A)
    __rt_entry_postsh_1                      0x080002e1   Thumb Code     0  __rtentry2.o(.ARM.Collect$$rtentry$$00000009)
    __rt_entry_main                          0x080002e5   Thumb Code     0  __rtentry2.o(.ARM.Collect$$rtentry$$0000000D)
    __rt_entry_postli_1                      0x080002e5   Thumb Code     0  __rtentry2.o(.ARM.Collect$$rtentry$$0000000C)
    __rt_exit                                0x080002ed   Thumb Code     0  rtexit.o(.ARM.Collect$$rtexit$$00000000)
    __rt_exit_ls                             0x080002ef   Thumb Code     0  rtexit2.o(.ARM.Collect$$rtexit$$00000003)
    __rt_exit_prels_1                        0x080002ef   Thumb Code     0  rtexit2.o(.ARM.Collect$$rtexit$$00000002)
    __rt_exit_exit                           0x080002f3   Thumb Code     0  rtexit2.o(.ARM.Collect$$rtexit$$00000004)
    Reset_Handler                            0x080002f9   Thumb Code    36  startup_stm32f767xx.o(.text)
    NMI_Handler                              0x0800031d   Thumb Code     2  startup_stm32f767xx.o(.text)
    HardFault_Handler                        0x0800031f   Thumb Code     2  startup_stm32f767xx.o(.text)
    BusFault_Handler                         0x08000323   Thumb Code     2  startup_stm32f767xx.o(.text)
    UsageFault_Handler                       0x08000325   Thumb Code     2  startup_stm32f767xx.o(.text)
    SVC_Handler                              0x08000327   Thumb Code     2  startup_stm32f767xx.o(.text)
    DebugMon_Handler                         0x08000329   Thumb Code     2  startup_stm32f767xx.o(.text)
    PendSV_Handler                           0x0800032b   Thumb Code     2  startup_stm32f767xx.o(.text)
    SysTick_Handler                          0x0800032d   Thumb Code     2  startup_stm32f767xx.o(.text)
    ADC_IRQHandler                           0x0800032f   Thumb Code     0  startup_stm32f767xx.o(.text)
    CAN1_RX1_IRQHandler                      0x0800032f   Thumb Code     0  startup_stm32f767xx.o(.text)
    CAN1_SCE_IRQHandler                      0x0800032f   Thumb Code     0  startup_stm32f767xx.o(.text)
    CAN1_TX_IRQHandler                       0x0800032f   Thumb Code     0  startup_stm32f767xx.o(.text)
    CAN2_RX0_IRQHandler                      0x0800032f   Thumb Code     0  startup_stm32f767xx.o(.text)
    CAN2_RX1_IRQHandler                      0x0800032f   Thumb Code     0  startup_stm32f767xx.o(.text)
    CAN2_SCE_IRQHandler                      0x0800032f   Thumb Code     0  startup_stm32f767xx.o(.text)
    CAN2_TX_IRQHandler                       0x0800032f   Thumb Code     0  startup_stm32f767xx.o(.text)
    CAN3_RX0_IRQHandler                      0x0800032f   Thumb Code     0  startup_stm32f767xx.o(.text)
    CAN3_RX1_IRQHandler                      0x0800032f   Thumb Code     0  startup_stm32f767xx.o(.text)
    CAN3_SCE_IRQHandler                      0x0800032f   Thumb Code     0  startup_stm32f767xx.o(.text)
    CAN3_TX_IRQHandler                       0x0800032f   Thumb Code     0  startup_stm32f767xx.o(.text)
    CEC_IRQHandler                           0x0800032f   Thumb Code     0  startup_stm32f767xx.o(.text)
    DCMI_IRQHandler                          0x0800032f   Thumb Code     0  startup_stm32f767xx.o(.text)
    DFSDM1_FLT0_IRQHandler                   0x0800032f   Thumb Code     0  startup_stm32f767xx.o(.text)
    DFSDM1_FLT1_IRQHandler                   0x0800032f   Thumb Code     0  startup_stm32f767xx.o(.text)
    DFSDM1_FLT2_IRQHandler                   0x0800032f   Thumb Code     0  startup_stm32f767xx.o(.text)
    DFSDM1_FLT3_IRQHandler                   0x0800032f   Thumb Code     0  startup_stm32f767xx.o(.text)
    DMA1_Stream0_IRQHandler                  0x0800032f   Thumb Code     0  startup_stm32f767xx.o(.text)
    DMA1_Stream1_IRQHandler                  0x0800032f   Thumb Code     0  startup_stm32f767xx.o(.text)
    DMA1_Stream2_IRQHandler                  0x0800032f   Thumb Code     0  startup_stm32f767xx.o(.text)
    DMA1_Stream3_IRQHandler                  0x0800032f   Thumb Code     0  startup_stm32f767xx.o(.text)
    DMA1_Stream4_IRQHandler                  0x0800032f   Thumb Code     0  startup_stm32f767xx.o(.text)
    DMA1_Stream5_IRQHandler                  0x0800032f   Thumb Code     0  startup_stm32f767xx.o(.text)
    DMA1_Stream6_IRQHandler                  0x0800032f   Thumb Code     0  startup_stm32f767xx.o(.text)
    DMA1_Stream7_IRQHandler                  0x0800032f   Thumb Code     0  startup_stm32f767xx.o(.text)
    DMA2D_IRQHandler                         0x0800032f   Thumb Code     0  startup_stm32f767xx.o(.text)
    DMA2_Stream0_IRQHandler                  0x0800032f   Thumb Code     0  startup_stm32f767xx.o(.text)
    DMA2_Stream1_IRQHandler                  0x0800032f   Thumb Code     0  startup_stm32f767xx.o(.text)
    DMA2_Stream2_IRQHandler                  0x0800032f   Thumb Code     0  startup_stm32f767xx.o(.text)
    DMA2_Stream3_IRQHandler                  0x0800032f   Thumb Code     0  startup_stm32f767xx.o(.text)
    DMA2_Stream4_IRQHandler                  0x0800032f   Thumb Code     0  startup_stm32f767xx.o(.text)
    DMA2_Stream5_IRQHandler                  0x0800032f   Thumb Code     0  startup_stm32f767xx.o(.text)
    DMA2_Stream6_IRQHandler                  0x0800032f   Thumb Code     0  startup_stm32f767xx.o(.text)
    DMA2_Stream7_IRQHandler                  0x0800032f   Thumb Code     0  startup_stm32f767xx.o(.text)
    ETH_IRQHandler                           0x0800032f   Thumb Code     0  startup_stm32f767xx.o(.text)
    ETH_WKUP_IRQHandler                      0x0800032f   Thumb Code     0  startup_stm32f767xx.o(.text)
    EXTI0_IRQHandler                         0x0800032f   Thumb Code     0  startup_stm32f767xx.o(.text)
    EXTI15_10_IRQHandler                     0x0800032f   Thumb Code     0  startup_stm32f767xx.o(.text)
    EXTI1_IRQHandler                         0x0800032f   Thumb Code     0  startup_stm32f767xx.o(.text)
    EXTI2_IRQHandler                         0x0800032f   Thumb Code     0  startup_stm32f767xx.o(.text)
    EXTI3_IRQHandler                         0x0800032f   Thumb Code     0  startup_stm32f767xx.o(.text)
    EXTI4_IRQHandler                         0x0800032f   Thumb Code     0  startup_stm32f767xx.o(.text)
    EXTI9_5_IRQHandler                       0x0800032f   Thumb Code     0  startup_stm32f767xx.o(.text)
    FLASH_IRQHandler                         0x0800032f   Thumb Code     0  startup_stm32f767xx.o(.text)
    FMC_IRQHandler                           0x0800032f   Thumb Code     0  startup_stm32f767xx.o(.text)
    FPU_IRQHandler                           0x0800032f   Thumb Code     0  startup_stm32f767xx.o(.text)
    I2C1_ER_IRQHandler                       0x0800032f   Thumb Code     0  startup_stm32f767xx.o(.text)
    I2C1_EV_IRQHandler                       0x0800032f   Thumb Code     0  startup_stm32f767xx.o(.text)
    I2C2_ER_IRQHandler                       0x0800032f   Thumb Code     0  startup_stm32f767xx.o(.text)
    I2C2_EV_IRQHandler                       0x0800032f   Thumb Code     0  startup_stm32f767xx.o(.text)
    I2C3_ER_IRQHandler                       0x0800032f   Thumb Code     0  startup_stm32f767xx.o(.text)
    I2C3_EV_IRQHandler                       0x0800032f   Thumb Code     0  startup_stm32f767xx.o(.text)
    I2C4_ER_IRQHandler                       0x0800032f   Thumb Code     0  startup_stm32f767xx.o(.text)
    I2C4_EV_IRQHandler                       0x0800032f   Thumb Code     0  startup_stm32f767xx.o(.text)
    JPEG_IRQHandler                          0x0800032f   Thumb Code     0  startup_stm32f767xx.o(.text)
    LPTIM1_IRQHandler                        0x0800032f   Thumb Code     0  startup_stm32f767xx.o(.text)
    LTDC_ER_IRQHandler                       0x0800032f   Thumb Code     0  startup_stm32f767xx.o(.text)
    LTDC_IRQHandler                          0x0800032f   Thumb Code     0  startup_stm32f767xx.o(.text)
    MDIOS_IRQHandler                         0x0800032f   Thumb Code     0  startup_stm32f767xx.o(.text)
    OTG_FS_IRQHandler                        0x0800032f   Thumb Code     0  startup_stm32f767xx.o(.text)
    OTG_FS_WKUP_IRQHandler                   0x0800032f   Thumb Code     0  startup_stm32f767xx.o(.text)
    OTG_HS_EP1_IN_IRQHandler                 0x0800032f   Thumb Code     0  startup_stm32f767xx.o(.text)
    OTG_HS_EP1_OUT_IRQHandler                0x0800032f   Thumb Code     0  startup_stm32f767xx.o(.text)
    OTG_HS_IRQHandler                        0x0800032f   Thumb Code     0  startup_stm32f767xx.o(.text)
    OTG_HS_WKUP_IRQHandler                   0x0800032f   Thumb Code     0  startup_stm32f767xx.o(.text)
    PVD_IRQHandler                           0x0800032f   Thumb Code     0  startup_stm32f767xx.o(.text)
    QUADSPI_IRQHandler                       0x0800032f   Thumb Code     0  startup_stm32f767xx.o(.text)
    RCC_IRQHandler                           0x0800032f   Thumb Code     0  startup_stm32f767xx.o(.text)
    RNG_IRQHandler                           0x0800032f   Thumb Code     0  startup_stm32f767xx.o(.text)
    RTC_Alarm_IRQHandler                     0x0800032f   Thumb Code     0  startup_stm32f767xx.o(.text)
    RTC_WKUP_IRQHandler                      0x0800032f   Thumb Code     0  startup_stm32f767xx.o(.text)
    SAI1_IRQHandler                          0x0800032f   Thumb Code     0  startup_stm32f767xx.o(.text)
    SAI2_IRQHandler                          0x0800032f   Thumb Code     0  startup_stm32f767xx.o(.text)
    SDMMC1_IRQHandler                        0x0800032f   Thumb Code     0  startup_stm32f767xx.o(.text)
    SDMMC2_IRQHandler                        0x0800032f   Thumb Code     0  startup_stm32f767xx.o(.text)
    SPDIF_RX_IRQHandler                      0x0800032f   Thumb Code     0  startup_stm32f767xx.o(.text)
    SPI1_IRQHandler                          0x0800032f   Thumb Code     0  startup_stm32f767xx.o(.text)
    SPI2_IRQHandler                          0x0800032f   Thumb Code     0  startup_stm32f767xx.o(.text)
    SPI3_IRQHandler                          0x0800032f   Thumb Code     0  startup_stm32f767xx.o(.text)
    SPI4_IRQHandler                          0x0800032f   Thumb Code     0  startup_stm32f767xx.o(.text)
    SPI5_IRQHandler                          0x0800032f   Thumb Code     0  startup_stm32f767xx.o(.text)
    SPI6_IRQHandler                          0x0800032f   Thumb Code     0  startup_stm32f767xx.o(.text)
    TAMP_STAMP_IRQHandler                    0x0800032f   Thumb Code     0  startup_stm32f767xx.o(.text)
    TIM1_BRK_TIM9_IRQHandler                 0x0800032f   Thumb Code     0  startup_stm32f767xx.o(.text)
    TIM1_CC_IRQHandler                       0x0800032f   Thumb Code     0  startup_stm32f767xx.o(.text)
    TIM1_TRG_COM_TIM11_IRQHandler            0x0800032f   Thumb Code     0  startup_stm32f767xx.o(.text)
    TIM1_UP_TIM10_IRQHandler                 0x0800032f   Thumb Code     0  startup_stm32f767xx.o(.text)
    TIM2_IRQHandler                          0x0800032f   Thumb Code     0  startup_stm32f767xx.o(.text)
    TIM6_DAC_IRQHandler                      0x0800032f   Thumb Code     0  startup_stm32f767xx.o(.text)
    TIM7_IRQHandler                          0x0800032f   Thumb Code     0  startup_stm32f767xx.o(.text)
    TIM8_BRK_TIM12_IRQHandler                0x0800032f   Thumb Code     0  startup_stm32f767xx.o(.text)
    TIM8_CC_IRQHandler                       0x0800032f   Thumb Code     0  startup_stm32f767xx.o(.text)
    TIM8_TRG_COM_TIM14_IRQHandler            0x0800032f   Thumb Code     0  startup_stm32f767xx.o(.text)
    TIM8_UP_TIM13_IRQHandler                 0x0800032f   Thumb Code     0  startup_stm32f767xx.o(.text)
    UART7_IRQHandler                         0x0800032f   Thumb Code     0  startup_stm32f767xx.o(.text)
    USART2_IRQHandler                        0x0800032f   Thumb Code     0  startup_stm32f767xx.o(.text)
    USART6_IRQHandler                        0x0800032f   Thumb Code     0  startup_stm32f767xx.o(.text)
    WWDG_IRQHandler                          0x0800032f   Thumb Code     0  startup_stm32f767xx.o(.text)
    __user_initial_stackheap                 0x08000331   Thumb Code     0  startup_stm32f767xx.o(.text)
    __use_no_semihosting                     0x08000355   Thumb Code     2  use_no_semi_2.o(.text)
    __2printf                                0x08000359   Thumb Code    20  noretval__2printf.o(.text)
    _printf_pre_padding                      0x08000371   Thumb Code    44  _printf_pad.o(.text)
    _printf_post_padding                     0x0800039d   Thumb Code    34  _printf_pad.o(.text)
    _printf_str                              0x080003bf   Thumb Code    82  _printf_str.o(.text)
    _printf_int_dec                          0x08000411   Thumb Code   104  _printf_dec.o(.text)
    _printf_int_hex                          0x08000489   Thumb Code    84  _printf_hex_int.o(.text)
    _printf_longlong_hex                     0x08000489   Thumb Code     0  _printf_hex_int.o(.text)
    __printf                                 0x080004e1   Thumb Code   388  __printf_flags_ss_wp.o(.text)
    __use_two_region_memory                  0x08000669   Thumb Code     2  heapauxi.o(.text)
    __rt_heap_escrow$2region                 0x0800066b   Thumb Code     2  heapauxi.o(.text)
    __rt_heap_expand$2region                 0x0800066d   Thumb Code     2  heapauxi.o(.text)
    __I$use$semihosting                      0x0800066f   Thumb Code     0  use_no_semi.o(.text)
    __use_no_semihosting_swi                 0x0800066f   Thumb Code     2  use_no_semi.o(.text)
    __read_errno                             0x08000671   Thumb Code    10  _rserrno.o(.text)
    __set_errno                              0x0800067b   Thumb Code    12  _rserrno.o(.text)
    _printf_int_common                       0x08000687   Thumb Code   178  _printf_intcommon.o(.text)
    _printf_cs_common                        0x08000739   Thumb Code    20  _printf_char.o(.text)
    _printf_char                             0x0800074d   Thumb Code    16  _printf_char.o(.text)
    _printf_string                           0x0800075d   Thumb Code     8  _printf_char.o(.text)
    _printf_char_file                        0x08000765   Thumb Code    32  _printf_char_file.o(.text)
    __aeabi_errno_addr                       0x08000789   Thumb Code     8  rt_errno_addr_intlibspace.o(.text)
    __errno$intlibspace                      0x08000789   Thumb Code     0  rt_errno_addr_intlibspace.o(.text)
    __rt_errno_addr$intlibspace              0x08000789   Thumb Code     0  rt_errno_addr_intlibspace.o(.text)
    _printf_char_common                      0x0800079b   Thumb Code    32  _printf_char_common.o(.text)
    ferror                                   0x080007c1   Thumb Code     8  ferror.o(.text)
    __user_libspace                          0x080007c9   Thumb Code     8  libspace.o(.text)
    __user_perproc_libspace                  0x080007c9   Thumb Code     0  libspace.o(.text)
    __user_perthread_libspace                0x080007c9   Thumb Code     0  libspace.o(.text)
    __user_setup_stackheap                   0x080007d1   Thumb Code    74  sys_stackheap_outer.o(.text)
    exit                                     0x0800081b   Thumb Code    18  exit.o(.text)
    CAN1_Mode_Init                           0x0800082d   Thumb Code   458  can.o(i.CAN1_Mode_Init)
    CAN1_RX0_IRQHandler                      0x08000a09   Thumb Code   692  can.o(i.CAN1_RX0_IRQHandler)
    CAN1_Rx_Msg                              0x08000cf1   Thumb Code   208  can.o(i.CAN1_Rx_Msg)
    CAN1_Send                                0x08000dc9   Thumb Code    86  can_drive.o(i.CAN1_Send)
    CAN1_Send_Msg                            0x08000e1f   Thumb Code    64  can.o(i.CAN1_Send_Msg)
    CAN1_Tx_Msg                              0x08000e61   Thumb Code   260  can.o(i.CAN1_Tx_Msg)
    CAN1_Tx_Staus                            0x08000f6d   Thumb Code   126  can.o(i.CAN1_Tx_Staus)
    Cache_Enable                             0x08000ff1   Thumb Code   112  sys.o(i.Cache_Enable)
    CarsportR                                0x08001069   Thumb Code   632  task.o(i.CarsportR)
    Check_Sum                                0x080012f9   Thumb Code    40  dataprocess.o(i.Check_Sum)
    GPIO_AF_Set                              0x08001321   Thumb Code    64  sys.o(i.GPIO_AF_Set)
    GPIO_Pin_Set                             0x08001361   Thumb Code    16  sys.o(i.GPIO_Pin_Set)
    GPIO_Set                                 0x08001371   Thumb Code   222  sys.o(i.GPIO_Set)
    LEDTASK                                  0x08001451   Thumb Code    58  task.o(i.LEDTASK)
    LED_Init                                 0x08001495   Thumb Code    62  led.o(i.LED_Init)
    MOTOR_init                               0x080014dd   Thumb Code   522  can_drive.o(i.MOTOR_init)
    MY_NVIC_Init                             0x080016ed   Thumb Code   116  sys.o(i.MY_NVIC_Init)
    MY_NVIC_PriorityGroupConfig              0x08001765   Thumb Code    32  sys.o(i.MY_NVIC_PriorityGroupConfig)
    MY_NVIC_SetVectorTable                   0x0800178d   Thumb Code    12  sys.o(i.MY_NVIC_SetVectorTable)
    MemManage_Handler                        0x0800179d   Thumb Code    48  mpu.o(i.MemManage_Handler)
    MotorPositionRequest                     0x080017fd   Thumb Code    52  task.o(i.MotorPositionRequest)
    Motor_ErrorReset_Request                 0x08001835   Thumb Code   102  can_drive.o(i.Motor_ErrorReset_Request)
    Motor_Position_Request                   0x0800189b   Thumb Code    82  can_drive.o(i.Motor_Position_Request)
    Motor_Velocity                           0x080018ed   Thumb Code    94  can_drive.o(i.Motor_Velocity)
    Odeometer                                0x0800194d   Thumb Code  1172  task.o(i.Odeometer)
    Output_Error                             0x08001de1   Thumb Code    46  dataprocess.o(i.Output_Error)
    PS2ControlRun                            0x08001e15   Thumb Code   360  task.o(i.PS2ControlRun)
    PS2DataRecrive                           0x08001fa5   Thumb Code    96  task.o(i.PS2DataRecrive)
    Stm32_Clock_Init                         0x080020b1   Thumb Code   100  sys.o(i.Stm32_Clock_Init)
    Sys_Clock_Set                            0x08002121   Thumb Code   264  sys.o(i.Sys_Clock_Set)
    Sys_Soft_Reset                           0x08002235   Thumb Code     8  sys.o(i.Sys_Soft_Reset)
    TIM3_IRQHandler                          0x08002245   Thumb Code    94  timer.o(i.TIM3_IRQHandler)
    TIM3_Init                                0x080022c5   Thumb Code    72  timer.o(i.TIM3_Init)
    TIM4_IRQHandler                          0x08002315   Thumb Code    50  usmart.o(i.TIM4_IRQHandler)
    TIM5_IRQHandler                          0x08002351   Thumb Code    34  timer.o(i.TIM5_IRQHandler)
    TIM5_Init                                0x0800237d   Thumb Code    72  timer.o(i.TIM5_Init)
    Timer4_Init                              0x080023cd   Thumb Code    72  usmart.o(i.Timer4_Init)
    UART4_IRQHandler                         0x0800241d   Thumb Code    54  usart.o(i.UART4_IRQHandler)
    UART4_Init                               0x08002461   Thumb Code   182  usart.o(i.UART4_Init)
    UART5_IRQHandler                         0x08002529   Thumb Code    48  usart.o(i.UART5_IRQHandler)
    UART5_Init                               0x08002565   Thumb Code   206  usart.o(i.UART5_Init)
    UART8_IRQHandler                         0x08002649   Thumb Code    54  usart.o(i.UART8_IRQHandler)
    UART8_Init                               0x0800268d   Thumb Code   180  usart.o(i.UART8_Init)
    USART1Data_Process                       0x08002751   Thumb Code    76  task.o(i.USART1Data_Process)
    USART1_IRQHandler                        0x080027a9   Thumb Code    74  usart.o(i.USART1_IRQHandler)
    USART1_Init                              0x08002809   Thumb Code   170  usart.o(i.USART1_Init)
    USART1_ReceiveData                       0x080028c5   Thumb Code   100  task.o(i.USART1_ReceiveData)
    USART1_Transmi_Data                      0x08002941   Thumb Code    52  usart.o(i.USART1_Transmi_Data)
    USART3_IRQHandler                        0x0800297d   Thumb Code    54  usart.o(i.USART3_IRQHandler)
    USART3_Init                              0x080029c1   Thumb Code   182  usart.o(i.USART3_Init)
    Usart1_Data_Analyse                      0x08002a89   Thumb Code  2484  dataprocess.o(i.Usart1_Data_Analyse)
    __ARM_fpclassify                         0x08003445   Thumb Code    48  fpclassify.o(i.__ARM_fpclassify)
    __hardfp_cos                             0x08003479   Thumb Code   158  cos.o(i.__hardfp_cos)
    __hardfp_sin                             0x08003529   Thumb Code   158  sin.o(i.__hardfp_sin)
    __ieee754_rem_pio2                       0x080035d9   Thumb Code   646  rred.o(i.__ieee754_rem_pio2)
    __kernel_cos                             0x080038e9   Thumb Code   182  cos_i.o(i.__kernel_cos)
    __kernel_poly                            0x080039c9   Thumb Code   112  poly.o(i.__kernel_poly)
    __kernel_sin                             0x08003a39   Thumb Code   144  sin_i.o(i.__kernel_sin)
    __mathlib_dbl_invalid                    0x08003ae1   Thumb Code    10  dunder.o(i.__mathlib_dbl_invalid)
    __mathlib_dbl_underflow                  0x08003af9   Thumb Code    10  dunder.o(i.__mathlib_dbl_underflow)
    _is_digit                                0x08003b11   Thumb Code    14  __printf_wp.o(i._is_digit)
    _sys_exit                                0x08003b1f   Thumb Code     4  usart.o(i._sys_exit)
    creatTask                                0x08003b25   Thumb Code    36  task.o(i.creatTask)
    data_init                                0x08003b4d   Thumb Code   122  task.o(i.data_init)
    delay_init                               0x08003be1   Thumb Code    46  delay.o(i.delay_init)
    delay_ms                                 0x08003c19   Thumb Code    56  delay.o(i.delay_ms)
    delay_us                                 0x08003c51   Thumb Code    56  delay.o(i.delay_us)
    delay_xms                                0x08003c8d   Thumb Code    56  delay.o(i.delay_xms)
    fabs                                     0x08003cc9   Thumb Code    24  fabs.o(i.fabs)
    fputc                                    0x08003ce1   Thumb Code    22  usart.o(i.fputc)
    main                                     0x08003cfd   Thumb Code   130  test.o(i.main)
    read_addr                                0x08003d7f   Thumb Code     6  usmart.o(i.read_addr)
    usmart_cmd_rec                           0x08003d85   Thumb Code   170  usmart.o(i.usmart_cmd_rec)
    usmart_exe                               0x08003e35   Thumb Code   632  usmart.o(i.usmart_exe)
    usmart_get_aparm                         0x08004109   Thumb Code   212  usmart_str.o(i.usmart_get_aparm)
    usmart_get_cmdname                       0x080041dd   Thumb Code    54  usmart_str.o(i.usmart_get_cmdname)
    usmart_get_fname                         0x08004215   Thumb Code   440  usmart_str.o(i.usmart_get_fname)
    usmart_get_fparam                        0x080043d5   Thumb Code   262  usmart_str.o(i.usmart_get_fparam)
    usmart_get_parmpos                       0x080044e1   Thumb Code    26  usmart_str.o(i.usmart_get_parmpos)
    usmart_get_runtime                       0x08004501   Thumb Code    56  usmart.o(i.usmart_get_runtime)
    usmart_init                              0x08004541   Thumb Code    36  usmart.o(i.usmart_init)
    usmart_pow                               0x08004569   Thumb Code    22  usmart_str.o(i.usmart_pow)
    usmart_reset_runtime                     0x08004581   Thumb Code    38  usmart.o(i.usmart_reset_runtime)
    usmart_scan                              0x080045b1   Thumb Code   120  usmart.o(i.usmart_scan)
    usmart_search_nextc                      0x0800466d   Thumb Code    22  usmart_str.o(i.usmart_search_nextc)
    usmart_str2num                           0x08004683   Thumb Code   262  usmart_str.o(i.usmart_str2num)
    usmart_strcmp                            0x08004789   Thumb Code    34  usmart_str.o(i.usmart_strcmp)
    usmart_strcopy                           0x080047ab   Thumb Code    22  usmart_str.o(i.usmart_strcopy)
    usmart_strlen                            0x080047c1   Thumb Code    24  usmart_str.o(i.usmart_strlen)
    usmart_sys_cmd_exe                       0x080047d9   Thumb Code  1570  usmart.o(i.usmart_sys_cmd_exe)
    write_addr                               0x08004ecd   Thumb Code     4  usmart.o(i.write_addr)
    _fp_init                                 0x08004ed1   Thumb Code    10  fpinit.o(x$fpl$fpinit)
    __fplib_config_fpu_vfp                   0x08004ed9   Thumb Code     0  fpinit.o(x$fpl$fpinit)
    __fplib_config_pureend_doubles           0x08004ed9   Thumb Code     0  fpinit.o(x$fpl$fpinit)
    __I$use$fp                               0x08004eda   Number         0  usenofp.o(x$fpl$usenofp)
    Region$$Table$$Base                      0x080050c0   Number         0  anon$$obj.o(Region$$Table)
    Region$$Table$$Limit                     0x080050e0   Number         0  anon$$obj.o(Region$$Table)
    __stdout                                 0x20020004   Data           4  usart.o(.data)
    USART_RX_STA                             0x20020008   Data           2  usart.o(.data)
    USART1_Rx_Time_count                     0x2002000a   Data           1  usart.o(.data)
    Usart1RxLength                           0x2002000b   Data           5  usart.o(.data)
    Usart1RxHead                             0x20020010   Data           1  usart.o(.data)
    Usart1Rxend                              0x20020011   Data           1  usart.o(.data)
    Usart1RxNum                              0x20020012   Data           1  usart.o(.data)
    Rx_count_UART1                           0x20020013   Data           1  usart.o(.data)
    t                                        0x20020014   Data           4  usart.o(.data)
    Usart4RxLength                           0x20020018   Data           5  usart.o(.data)
    Usart4RxHead                             0x2002001d   Data           1  usart.o(.data)
    Usart4Rxend                              0x2002001e   Data           1  usart.o(.data)
    Usart4RxNum                              0x2002001f   Data           1  usart.o(.data)
    Ps2ReceiveCount                          0x20020020   Data           1  usart.o(.data)
    IMUDatareceiveCount                      0x20020021   Data           1  usart.o(.data)
    engineReceiveCount                       0x20020022   Data           1  usart.o(.data)
    batteryDataReceiveCnt                    0x20020023   Data           1  usart.o(.data)
    Motor1EncodeCount                        0x20020024   Data           4  can.o(.data)
    Motor2EncodeCount                        0x20020028   Data           4  can.o(.data)
    Motor3EncodeCount                        0x2002002c   Data           4  can.o(.data)
    Motor4EncodeCount                        0x20020030   Data           4  can.o(.data)
    Motor1Error                              0x20020034   Data           1  can.o(.data)
    Motor2Error                              0x20020035   Data           1  can.o(.data)
    Motor3Error                              0x20020036   Data           1  can.o(.data)
    Motor4Error                              0x20020037   Data           1  can.o(.data)
    Motor1Current                            0x20020038   Data           4  can.o(.data)
    Motor2Current                            0x2002003c   Data           4  can.o(.data)
    Motor3Current                            0x20020040   Data           4  can.o(.data)
    Motor4Current                            0x20020044   Data           4  can.o(.data)
    abb                                      0x20020048   Data           4  can.o(.data)
    res                                      0x2002004c   Data           1  can_drive.o(.data)
    canbuf                                   0x2002004d   Data           8  can_drive.o(.data)
    ledCount                                 0x20020058   Data           2  timer.o(.data)
    ps2RecCount                              0x2002005a   Data           2  timer.o(.data)
    Usart1DataResCount                       0x2002005c   Data           2  timer.o(.data)
    positionRequest                          0x2002005e   Data           2  timer.o(.data)
    OdomCount                                0x20020060   Data           2  timer.o(.data)
    underplantimeCnt                         0x20020062   Data           2  timer.o(.data)
    carsport_state                           0x20020064   Data           4  timer.o(.data)
    motor_state                              0x20020068   Data           2  timer.o(.data)
    time_test                                0x2002006a   Data           2  timer.o(.data)
    Pitch                                    0x2002006c   Data           4  task.o(.data)
    Yaw                                      0x20020070   Data           4  task.o(.data)
    Roll                                     0x20020074   Data           4  task.o(.data)
    emginestarstopstate                      0x20020078   Data           1  task.o(.data)
    underplatestate                          0x20020079   Data           1  task.o(.data)
    PS2KEY                                   0x2002007a   Data           1  task.o(.data)
    Pre_Motor1EncodeCount                    0x2002007c   Data           4  task.o(.data)
    Pre_Motor4EncodeCount                    0x20020080   Data           4  task.o(.data)
    Pre_Motor2EncodeCount                    0x20020084   Data           4  task.o(.data)
    Pre_Motor3EncodeCount                    0x20020088   Data           4  task.o(.data)
    X                                        0x2002008c   Data           4  task.o(.data)
    Y                                        0x20020090   Data           4  task.o(.data)
    Distance_L                               0x20020094   Data           4  task.o(.data)
    Pre_Distance_L                           0x20020098   Data           4  task.o(.data)
    Distance_check                           0x2002009c   Data           4  task.o(.data)
    Distance_Lpp                             0x200200a0   Data           4  task.o(.data)
    Angle                                    0x200200a4   Data           4  task.o(.data)
    SpeedV_V                                 0x200200a8   Data           4  task.o(.data)
    SpeedV_Ang                               0x200200ac   Data           4  task.o(.data)
    Pre_Value_X                              0x200200b0   Data           4  task.o(.data)
    Pre_Value_Y                              0x200200b4   Data           4  task.o(.data)
    Yaw_Angle                                0x200200b8   Data           4  task.o(.data)
    Pre_Yaw_Angle                            0x200200bc   Data           4  task.o(.data)
    Yaw_Angle_Diff                           0x200200c0   Data           4  task.o(.data)
    Gyration_radius                          0x200200c4   Data           4  task.o(.data)
    wheel_interval                           0x200200c8   Data           4  task.o(.data)
    multiplier                               0x200200cc   Data           4  task.o(.data)
    deceleration_ratio                       0x200200d0   Data           4  task.o(.data)
    wheel_diameter                           0x200200d4   Data           4  task.o(.data)
    line_number                              0x200200d8   Data           4  task.o(.data)
    pi_1_2                                   0x200200dc   Data           4  task.o(.data)
    pi                                       0x200200e0   Data           4  task.o(.data)
    pi_3_2                                   0x200200e4   Data           4  task.o(.data)
    pi_2_1                                   0x200200e8   Data           4  task.o(.data)
    dt                                       0x200200ec   Data           4  task.o(.data)
    sin_                                     0x200200f0   Data           4  task.o(.data)
    cos_                                     0x200200f4   Data           4  task.o(.data)
    delta_distance                           0x200200f8   Data           4  task.o(.data)
    delta_oriention                          0x200200fc   Data           4  task.o(.data)
    yaw_number                               0x20020100   Data           4  task.o(.data)
    distance_sum                             0x20020104   Data           4  task.o(.data)
    distance_diff                            0x20020108   Data           4  task.o(.data)
    Yaw_Angle_1                              0x2002010c   Data           4  task.o(.data)
    const_frame                              0x20020110   Data           4  task.o(.data)
    const_angle                              0x20020114   Data           4  task.o(.data)
    const_speed                              0x20020118   Data           4  task.o(.data)
    once                                     0x2002011c   Data           1  task.o(.data)
    iii                                      0x2002011d   Data           1  task.o(.data)
    ps2DataFlg                               0x2002011e   Data           1  task.o(.data)
    state_yksp                               0x2002011f   Data           1  task.o(.data)
    state_pcsp                               0x20020120   Data           1  task.o(.data)
    speedCoefficient                         0x20020124   Data           4  task.o(.data)
    speed1                                   0x20020128   Data           4  task.o(.data)
    speed2                                   0x2002012c   Data           4  task.o(.data)
    speed3                                   0x20020130   Data           4  task.o(.data)
    speed4                                   0x20020134   Data           4  task.o(.data)
    UnderPlantUpdownConState                 0x20020138   Data           1  dataprocess.o(.data)
    underplantttime                          0x2002013c   Data           4  dataprocess.o(.data)
    DataFrequency                            0x20020140   Data           1  dataprocess.o(.data)
    SpeedFrequency                           0x20020141   Data           1  dataprocess.o(.data)
    IMU_DataFrequency                        0x20020142   Data           1  dataprocess.o(.data)
    Car_Configuration_FRQ_1                  0x20020143   Data           1  dataprocess.o(.data)
    Car_Configuration_FRQ_2                  0x20020144   Data           1  dataprocess.o(.data)
    Car_Motion_status_Fre                    0x20020148   Data           4  dataprocess.o(.data)
    Data_Fusion_Fre                          0x2002014c   Data           4  dataprocess.o(.data)
    IMU_Data_Fre                             0x20020150   Data           4  dataprocess.o(.data)
    Massage_Return                           0x20020154   Data           6  dataprocess.o(.data)
    motor_statusRet                          0x2002015a   Data           6  dataprocess.o(.data)
    underplate_return                        0x20020160   Data           6  dataprocess.o(.data)
    engineSs_return                          0x20020166   Data           6  dataprocess.o(.data)
    Massage_Return_set                       0x2002016c   Data           6  dataprocess.o(.data)
    Error_Clear                              0x20020172   Data           6  dataprocess.o(.data)
    Message_Return_Odom                      0x20020178   Data           7  dataprocess.o(.data)
    OutPut_Error_Massage                     0x2002017f   Data           6  dataprocess.o(.data)
    battery_return                           0x20020185   Data           7  dataprocess.o(.data)
    oil_return                               0x2002018c   Data           7  dataprocess.o(.data)
    Send_Current                             0x20020194   Data           4  dataprocess.o(.data)
    SendP_Car_Motion_status                  0x20020198   Data           4  dataprocess.o(.data)
    WriteP_Car_Motion_status                 0x2002019c   Data           4  dataprocess.o(.data)
    SendP_Data_Fusion                        0x200201a0   Data           4  dataprocess.o(.data)
    WriteP_Data_Fusion                       0x200201a4   Data           4  dataprocess.o(.data)
    SendP_Data_IMU                           0x200201a8   Data           4  dataprocess.o(.data)
    WriteP_Data_IMU                          0x200201ac   Data           4  dataprocess.o(.data)
    speedline                                0x200201b0   Data           2  dataprocess.o(.data)
    speedangle                               0x200201b2   Data           2  dataprocess.o(.data)
    dirline                                  0x200201b4   Data           4  dataprocess.o(.data)
    dirangle                                 0x200201b8   Data           4  dataprocess.o(.data)
    speedlinedata                            0x200201bc   Data           2  dataprocess.o(.data)
    speedangledata                           0x200201be   Data           2  dataprocess.o(.data)
    speedline_K                              0x200201c0   Data           4  dataprocess.o(.data)
    speedangle_K                             0x200201c4   Data           4  dataprocess.o(.data)
    speed11                                  0x200201c8   Data           4  dataprocess.o(.data)
    speed22                                  0x200201cc   Data           4  dataprocess.o(.data)
    speed33                                  0x200201d0   Data           4  dataprocess.o(.data)
    speed44                                  0x200201d4   Data           4  dataprocess.o(.data)
    timedurcnt                               0x200201d8   Data           4  engine.o(.data)
    engineStarcnt                            0x200201dc   Data           4  engine.o(.data)
    starstate                                0x200201e0   Data           1  engine.o(.data)
    enginestate                              0x200201e1   Data           1  engine.o(.data)
    enginekeepRuntimcnt                      0x200201e2   Data           2  engine.o(.data)
    enginekeeptime                           0x200201e4   Data           4  engine.o(.data)
    oil                                      0x200201e8   Data           1  engine.o(.data)
    engineRecCount                           0x200201ea   Data           2  engine.o(.data)
    enginestat                               0x200201ec   Data           1  engine.o(.data)
    timedurcntupplant                        0x200201ee   Data           2  engine.o(.data)
    underplantsendState                      0x200201f0   Data           2  engine.o(.data)
    battery                                  0x200201f4   Data           1  battery.o(.data)
    ib                                       0x200201f8   Data           4  battery.o(.data)
    kb                                       0x200201fc   Data           4  battery.o(.data)
    sys_cmd_tab                              0x20020200   Data          28  usmart.o(.data)
    usmart_nametab                           0x2002021c   Data          24  usmart_config.o(.data)
    usmart_dev                               0x20020234   Data         244  usmart_config.o(.data)
    USART_RX_BUF                             0x20020328   Data          30  usart.o(.bss)
    USART1_RX_BUF                            0x20020346   Data         150  usart.o(.bss)
    USART4_RX_BUF                            0x200203dc   Data         150  usart.o(.bss)
    Ps2Receive                               0x20020472   Data          10  usart.o(.bss)
    IMUDatareceive                           0x2002047c   Data          54  usart.o(.bss)
    engineReceive                            0x200204b2   Data          10  usart.o(.bss)
    BatteryDataReceive                       0x200204bc   Data          28  usart.o(.bss)
    car_message                              0x200204d8   Data          24  task.o(.bss)
    Car_Move_Conrol                          0x200204f0   Data           9  dataprocess.o(.bss)
    Car_Configuration                        0x200204f9   Data          11  dataprocess.o(.bss)
    Current_return                           0x20020504   Data          24  dataprocess.o(.bss)
    Car_Motion_status_Massage                0x2002051c   Data          26  dataprocess.o(.bss)
    Car_Position                             0x20020538   Data          56  dataprocess.o(.bss)
    IMU_Data_Detial                          0x20020570   Data          40  dataprocess.o(.bss)
    __libspace_start                         0x20020598   Data          96  libspace.o(.bss)
    __temporary_stack_top$libspace           0x200205f8   Data           0  libspace.o(.bss)



==============================================================================

Memory Map of the image

  Image Entry point : 0x080001f9

  Load Region LR_IROM1 (Base: 0x08000000, Size: 0x00005408, Max: 0x00100000, ABSOLUTE, COMPRESSED[0x00005188])

    Execution Region ER_IROM1 (Base: 0x08000000, Size: 0x000050e0, Max: 0x00100000, ABSOLUTE)

    Base Addr    Size         Type   Attr      Idx    E Section Name        Object

    0x08000000   0x000001f8   Data   RO            3    RESET               startup_stm32f767xx.o
    0x080001f8   0x00000008   Code   RO         1274  * !!!main             c_w.l(__main.o)
    0x08000200   0x00000034   Code   RO         1514    !!!scatter          c_w.l(__scatter.o)
    0x08000234   0x0000005a   Code   RO         1512    !!dczerorl2         c_w.l(__dczerorl2.o)
    0x0800028e   0x00000002   PAD
    0x08000290   0x0000001c   Code   RO         1516    !!handler_zi        c_w.l(__scatter_zi.o)
    0x080002ac   0x00000000   Code   RO         1271    .ARM.Collect$$_printf_percent$$00000000  c_w.l(_printf_percent.o)
    0x080002ac   0x00000006   Code   RO         1269    .ARM.Collect$$_printf_percent$$00000009  c_w.l(_printf_d.o)
    0x080002b2   0x00000006   Code   RO         1270    .ARM.Collect$$_printf_percent$$0000000A  c_w.l(_printf_u.o)
    0x080002b8   0x00000006   Code   RO         1268    .ARM.Collect$$_printf_percent$$0000000C  c_w.l(_printf_x.o)
    0x080002be   0x00000006   Code   RO         1266    .ARM.Collect$$_printf_percent$$00000013  c_w.l(_printf_c.o)
    0x080002c4   0x00000006   Code   RO         1267    .ARM.Collect$$_printf_percent$$00000014  c_w.l(_printf_s.o)
    0x080002ca   0x00000004   Code   RO         1311    .ARM.Collect$$_printf_percent$$00000017  c_w.l(_printf_percent_end.o)
    0x080002ce   0x00000002   Code   RO         1391    .ARM.Collect$$libinit$$00000000  c_w.l(libinit.o)
    0x080002d0   0x00000004   Code   RO         1394    .ARM.Collect$$libinit$$00000001  c_w.l(libinit2.o)
    0x080002d4   0x00000000   Code   RO         1397    .ARM.Collect$$libinit$$00000004  c_w.l(libinit2.o)
    0x080002d4   0x00000000   Code   RO         1400    .ARM.Collect$$libinit$$0000000A  c_w.l(libinit2.o)
    0x080002d4   0x00000000   Code   RO         1402    .ARM.Collect$$libinit$$0000000C  c_w.l(libinit2.o)
    0x080002d4   0x00000000   Code   RO         1404    .ARM.Collect$$libinit$$0000000E  c_w.l(libinit2.o)
    0x080002d4   0x00000000   Code   RO         1407    .ARM.Collect$$libinit$$00000011  c_w.l(libinit2.o)
    0x080002d4   0x00000000   Code   RO         1409    .ARM.Collect$$libinit$$00000013  c_w.l(libinit2.o)
    0x080002d4   0x00000000   Code   RO         1411    .ARM.Collect$$libinit$$00000015  c_w.l(libinit2.o)
    0x080002d4   0x00000000   Code   RO         1413    .ARM.Collect$$libinit$$00000017  c_w.l(libinit2.o)
    0x080002d4   0x00000000   Code   RO         1415    .ARM.Collect$$libinit$$00000019  c_w.l(libinit2.o)
    0x080002d4   0x00000000   Code   RO         1417    .ARM.Collect$$libinit$$0000001B  c_w.l(libinit2.o)
    0x080002d4   0x00000000   Code   RO         1419    .ARM.Collect$$libinit$$0000001D  c_w.l(libinit2.o)
    0x080002d4   0x00000000   Code   RO         1421    .ARM.Collect$$libinit$$0000001F  c_w.l(libinit2.o)
    0x080002d4   0x00000000   Code   RO         1423    .ARM.Collect$$libinit$$00000021  c_w.l(libinit2.o)
    0x080002d4   0x00000000   Code   RO         1425    .ARM.Collect$$libinit$$00000023  c_w.l(libinit2.o)
    0x080002d4   0x00000000   Code   RO         1427    .ARM.Collect$$libinit$$00000025  c_w.l(libinit2.o)
    0x080002d4   0x00000000   Code   RO         1431    .ARM.Collect$$libinit$$0000002C  c_w.l(libinit2.o)
    0x080002d4   0x00000000   Code   RO         1433    .ARM.Collect$$libinit$$0000002E  c_w.l(libinit2.o)
    0x080002d4   0x00000000   Code   RO         1435    .ARM.Collect$$libinit$$00000030  c_w.l(libinit2.o)
    0x080002d4   0x00000000   Code   RO         1437    .ARM.Collect$$libinit$$00000032  c_w.l(libinit2.o)
    0x080002d4   0x00000002   Code   RO         1438    .ARM.Collect$$libinit$$00000033  c_w.l(libinit2.o)
    0x080002d6   0x00000002   Code   RO         1456    .ARM.Collect$$libshutdown$$00000000  c_w.l(libshutdown.o)
    0x080002d8   0x00000000   Code   RO         1466    .ARM.Collect$$libshutdown$$00000002  c_w.l(libshutdown2.o)
    0x080002d8   0x00000000   Code   RO         1468    .ARM.Collect$$libshutdown$$00000004  c_w.l(libshutdown2.o)
    0x080002d8   0x00000000   Code   RO         1471    .ARM.Collect$$libshutdown$$00000007  c_w.l(libshutdown2.o)
    0x080002d8   0x00000000   Code   RO         1474    .ARM.Collect$$libshutdown$$0000000A  c_w.l(libshutdown2.o)
    0x080002d8   0x00000000   Code   RO         1476    .ARM.Collect$$libshutdown$$0000000C  c_w.l(libshutdown2.o)
    0x080002d8   0x00000000   Code   RO         1479    .ARM.Collect$$libshutdown$$0000000F  c_w.l(libshutdown2.o)
    0x080002d8   0x00000002   Code   RO         1480    .ARM.Collect$$libshutdown$$00000010  c_w.l(libshutdown2.o)
    0x080002da   0x00000000   Code   RO         1302    .ARM.Collect$$rtentry$$00000000  c_w.l(__rtentry.o)
    0x080002da   0x00000000   Code   RO         1342    .ARM.Collect$$rtentry$$00000002  c_w.l(__rtentry2.o)
    0x080002da   0x00000006   Code   RO         1354    .ARM.Collect$$rtentry$$00000004  c_w.l(__rtentry4.o)
    0x080002e0   0x00000000   Code   RO         1344    .ARM.Collect$$rtentry$$00000009  c_w.l(__rtentry2.o)
    0x080002e0   0x00000004   Code   RO         1345    .ARM.Collect$$rtentry$$0000000A  c_w.l(__rtentry2.o)
    0x080002e4   0x00000000   Code   RO         1347    .ARM.Collect$$rtentry$$0000000C  c_w.l(__rtentry2.o)
    0x080002e4   0x00000008   Code   RO         1348    .ARM.Collect$$rtentry$$0000000D  c_w.l(__rtentry2.o)
    0x080002ec   0x00000002   Code   RO         1392    .ARM.Collect$$rtexit$$00000000  c_w.l(rtexit.o)
    0x080002ee   0x00000000   Code   RO         1440    .ARM.Collect$$rtexit$$00000002  c_w.l(rtexit2.o)
    0x080002ee   0x00000004   Code   RO         1441    .ARM.Collect$$rtexit$$00000003  c_w.l(rtexit2.o)
    0x080002f2   0x00000006   Code   RO         1442    .ARM.Collect$$rtexit$$00000004  c_w.l(rtexit2.o)
    0x080002f8   0x0000005c   Code   RO            4    .text               startup_stm32f767xx.o
    0x08000354   0x00000002   Code   RO         1211    .text               c_w.l(use_no_semi_2.o)
    0x08000356   0x00000002   PAD
    0x08000358   0x00000018   Code   RO         1215    .text               c_w.l(noretval__2printf.o)
    0x08000370   0x0000004e   Code   RO         1219    .text               c_w.l(_printf_pad.o)
    0x080003be   0x00000052   Code   RO         1221    .text               c_w.l(_printf_str.o)
    0x08000410   0x00000078   Code   RO         1223    .text               c_w.l(_printf_dec.o)
    0x08000488   0x00000058   Code   RO         1228    .text               c_w.l(_printf_hex_int.o)
    0x080004e0   0x00000188   Code   RO         1263    .text               c_w.l(__printf_flags_ss_wp.o)
    0x08000668   0x00000006   Code   RO         1272    .text               c_w.l(heapauxi.o)
    0x0800066e   0x00000002   Code   RO         1300    .text               c_w.l(use_no_semi.o)
    0x08000670   0x00000016   Code   RO         1303    .text               c_w.l(_rserrno.o)
    0x08000686   0x000000b2   Code   RO         1305    .text               c_w.l(_printf_intcommon.o)
    0x08000738   0x0000002c   Code   RO         1307    .text               c_w.l(_printf_char.o)
    0x08000764   0x00000024   Code   RO         1309    .text               c_w.l(_printf_char_file.o)
    0x08000788   0x00000008   Code   RO         1359    .text               c_w.l(rt_errno_addr_intlibspace.o)
    0x08000790   0x00000030   Code   RO         1361    .text               c_w.l(_printf_char_common.o)
    0x080007c0   0x00000008   Code   RO         1363    .text               c_w.l(ferror.o)
    0x080007c8   0x00000008   Code   RO         1377    .text               c_w.l(libspace.o)
    0x080007d0   0x0000004a   Code   RO         1380    .text               c_w.l(sys_stackheap_outer.o)
    0x0800081a   0x00000012   Code   RO         1384    .text               c_w.l(exit.o)
    0x0800082c   0x000001dc   Code   RO          543    i.CAN1_Mode_Init    can.o
    0x08000a08   0x000002e8   Code   RO          545    i.CAN1_RX0_IRQHandler  can.o
    0x08000cf0   0x000000d8   Code   RO          547    i.CAN1_Rx_Msg       can.o
    0x08000dc8   0x00000056   Code   RO          615    i.CAN1_Send         can_drive.o
    0x08000e1e   0x00000040   Code   RO          548    i.CAN1_Send_Msg     can.o
    0x08000e5e   0x00000002   PAD
    0x08000e60   0x0000010c   Code   RO          549    i.CAN1_Tx_Msg       can.o
    0x08000f6c   0x00000084   Code   RO          550    i.CAN1_Tx_Staus     can.o
    0x08000ff0   0x00000078   Code   RO          172    i.Cache_Enable      sys.o
    0x08001068   0x00000290   Code   RO          726    i.CarsportR         task.o
    0x080012f8   0x00000028   Code   RO          834    i.Check_Sum         dataprocess.o
    0x08001320   0x00000040   Code   RO          174    i.GPIO_AF_Set       sys.o
    0x08001360   0x00000010   Code   RO          176    i.GPIO_Pin_Set      sys.o
    0x08001370   0x000000de   Code   RO          177    i.GPIO_Set          sys.o
    0x0800144e   0x00000002   PAD
    0x08001450   0x00000044   Code   RO          728    i.LEDTASK           task.o
    0x08001494   0x00000048   Code   RO          423    i.LED_Init          led.o
    0x080014dc   0x00000210   Code   RO          616    i.MOTOR_init        can_drive.o
    0x080016ec   0x00000078   Code   RO          180    i.MY_NVIC_Init      sys.o
    0x08001764   0x00000028   Code   RO          181    i.MY_NVIC_PriorityGroupConfig  sys.o
    0x0800178c   0x00000010   Code   RO          182    i.MY_NVIC_SetVectorTable  sys.o
    0x0800179c   0x00000060   Code   RO          452    i.MemManage_Handler  mpu.o
    0x080017fc   0x00000038   Code   RO          729    i.MotorPositionRequest  task.o
    0x08001834   0x00000066   Code   RO          618    i.Motor_ErrorReset_Request  can_drive.o
    0x0800189a   0x00000052   Code   RO          620    i.Motor_Position_Request  can_drive.o
    0x080018ec   0x0000005e   Code   RO          621    i.Motor_Velocity    can_drive.o
    0x0800194a   0x00000002   PAD
    0x0800194c   0x00000494   Code   RO          730    i.Odeometer         task.o
    0x08001de0   0x00000034   Code   RO          836    i.Output_Error      dataprocess.o
    0x08001e14   0x00000190   Code   RO          731    i.PS2ControlRun     task.o
    0x08001fa4   0x00000070   Code   RO          733    i.PS2DataRecrive    task.o
    0x08002014   0x0000009c   Code   RO          183    i.SCB_EnableDCache  sys.o
    0x080020b0   0x00000070   Code   RO          184    i.Stm32_Clock_Init  sys.o
    0x08002120   0x00000114   Code   RO          185    i.Sys_Clock_Set     sys.o
    0x08002234   0x00000010   Code   RO          186    i.Sys_Soft_Reset    sys.o
    0x08002244   0x00000080   Code   RO          678    i.TIM3_IRQHandler   timer.o
    0x080022c4   0x00000050   Code   RO          679    i.TIM3_Init         timer.o
    0x08002314   0x0000003c   Code   RO         1015    i.TIM4_IRQHandler   usmart.o
    0x08002350   0x0000002c   Code   RO          680    i.TIM5_IRQHandler   timer.o
    0x0800237c   0x00000050   Code   RO          681    i.TIM5_Init         timer.o
    0x080023cc   0x00000050   Code   RO         1016    i.Timer4_Init       usmart.o
    0x0800241c   0x00000044   Code   RO          298    i.UART4_IRQHandler  usart.o
    0x08002460   0x000000c8   Code   RO          299    i.UART4_Init        usart.o
    0x08002528   0x0000003c   Code   RO          300    i.UART5_IRQHandler  usart.o
    0x08002564   0x000000e4   Code   RO          301    i.UART5_Init        usart.o
    0x08002648   0x00000044   Code   RO          303    i.UART8_IRQHandler  usart.o
    0x0800268c   0x000000c4   Code   RO          304    i.UART8_Init        usart.o
    0x08002750   0x00000058   Code   RO          734    i.USART1Data_Process  task.o
    0x080027a8   0x00000060   Code   RO          306    i.USART1_IRQHandler  usart.o
    0x08002808   0x000000bc   Code   RO          307    i.USART1_Init       usart.o
    0x080028c4   0x0000007c   Code   RO          735    i.USART1_ReceiveData  task.o
    0x08002940   0x0000003c   Code   RO          308    i.USART1_Transmi_Data  usart.o
    0x0800297c   0x00000044   Code   RO          309    i.USART3_IRQHandler  usart.o
    0x080029c0   0x000000c8   Code   RO          310    i.USART3_Init       usart.o
    0x08002a88   0x000009bc   Code   RO          837    i.Usart1_Data_Analyse  dataprocess.o
    0x08003444   0x00000030   Code   RO         1373    i.__ARM_fpclassify  m_wv.l(fpclassify.o)
    0x08003474   0x00000004   PAD
    0x08003478   0x000000b0   Code   RO         1276    i.__hardfp_cos      m_wv.l(cos.o)
    0x08003528   0x000000b0   Code   RO         1288    i.__hardfp_sin      m_wv.l(sin.o)
    0x080035d8   0x00000310   Code   RO         1330    i.__ieee754_rem_pio2  m_wv.l(rred.o)
    0x080038e8   0x000000e0   Code   RO         1313    i.__kernel_cos      m_wv.l(cos_i.o)
    0x080039c8   0x00000070   Code   RO         1375    i.__kernel_poly     m_wv.l(poly.o)
    0x08003a38   0x000000a8   Code   RO         1335    i.__kernel_sin      m_wv.l(sin_i.o)
    0x08003ae0   0x00000018   Code   RO         1319    i.__mathlib_dbl_invalid  m_wv.l(dunder.o)
    0x08003af8   0x00000018   Code   RO         1322    i.__mathlib_dbl_underflow  m_wv.l(dunder.o)
    0x08003b10   0x0000000e   Code   RO         1256    i._is_digit         c_w.l(__printf_wp.o)
    0x08003b1e   0x00000004   Code   RO          311    i._sys_exit         usart.o
    0x08003b22   0x00000002   PAD
    0x08003b24   0x00000028   Code   RO          736    i.creatTask         task.o
    0x08003b4c   0x00000094   Code   RO          737    i.data_init         task.o
    0x08003be0   0x00000038   Code   RO          127    i.delay_init        delay.o
    0x08003c18   0x00000038   Code   RO          128    i.delay_ms          delay.o
    0x08003c50   0x0000003c   Code   RO          129    i.delay_us          delay.o
    0x08003c8c   0x0000003c   Code   RO          130    i.delay_xms         delay.o
    0x08003cc8   0x00000018   Code   RO         1369    i.fabs              m_wv.l(fabs.o)
    0x08003ce0   0x0000001c   Code   RO          313    i.fputc             usart.o
    0x08003cfc   0x00000082   Code   RO           13    i.main              test.o
    0x08003d7e   0x00000006   Code   RO         1017    i.read_addr         usmart.o
    0x08003d84   0x000000b0   Code   RO         1018    i.usmart_cmd_rec    usmart.o
    0x08003e34   0x000002d4   Code   RO         1019    i.usmart_exe        usmart.o
    0x08004108   0x000000d4   Code   RO         1128    i.usmart_get_aparm  usmart_str.o
    0x080041dc   0x00000036   Code   RO         1129    i.usmart_get_cmdname  usmart_str.o
    0x08004212   0x00000002   PAD
    0x08004214   0x000001c0   Code   RO         1130    i.usmart_get_fname  usmart_str.o
    0x080043d4   0x0000010c   Code   RO         1131    i.usmart_get_fparam  usmart_str.o
    0x080044e0   0x00000020   Code   RO         1132    i.usmart_get_parmpos  usmart_str.o
    0x08004500   0x00000040   Code   RO         1020    i.usmart_get_runtime  usmart.o
    0x08004540   0x00000028   Code   RO         1021    i.usmart_init       usmart.o
    0x08004568   0x00000016   Code   RO         1133    i.usmart_pow        usmart_str.o
    0x0800457e   0x00000002   PAD
    0x08004580   0x00000030   Code   RO         1022    i.usmart_reset_runtime  usmart.o
    0x080045b0   0x000000bc   Code   RO         1023    i.usmart_scan       usmart.o
    0x0800466c   0x00000016   Code   RO         1134    i.usmart_search_nextc  usmart_str.o
    0x08004682   0x00000106   Code   RO         1135    i.usmart_str2num    usmart_str.o
    0x08004788   0x00000022   Code   RO         1136    i.usmart_strcmp     usmart_str.o
    0x080047aa   0x00000016   Code   RO         1137    i.usmart_strcopy    usmart_str.o
    0x080047c0   0x00000018   Code   RO         1138    i.usmart_strlen     usmart_str.o
    0x080047d8   0x000006f4   Code   RO         1024    i.usmart_sys_cmd_exe  usmart.o
    0x08004ecc   0x00000004   Code   RO         1025    i.write_addr        usmart.o
    0x08004ed0   0x0000000a   Code   RO         1448    x$fpl$fpinit        fz_wv.l(fpinit.o)
    0x08004eda   0x00000000   Code   RO         1312    x$fpl$usenofp       fz_wv.l(usenofp.o)
    0x08004eda   0x00000028   Data   RO         1229    .constdata          c_w.l(_printf_hex_int.o)
    0x08004f02   0x00000011   Data   RO         1264    .constdata          c_w.l(__printf_flags_ss_wp.o)
    0x08004f13   0x00000005   PAD
    0x08004f18   0x00000030   Data   RO         1314    .constdata          m_wv.l(cos_i.o)
    0x08004f48   0x000000c8   Data   RO         1332    .constdata          m_wv.l(rred.o)
    0x08005010   0x00000028   Data   RO         1336    .constdata          m_wv.l(sin_i.o)
    0x08005038   0x00000028   Data   RO         1026    .conststring        usmart.o
    0x08005060   0x00000060   Data   RO         1103    .conststring        usmart_config.o
    0x080050c0   0x00000020   Data   RO         1510    Region$$Table       anon$$obj.o


    Execution Region RW_IRAM1 (Base: 0x20020000, Size: 0x00000df8, Max: 0x00060000, ABSOLUTE, COMPRESSED[0x000000a8])

    Base Addr    Size         Type   Attr      Idx    E Section Name        Object

    0x20020000   0x00000004   Data   RW          131    .data               delay.o
    0x20020004   0x00000020   Data   RW          315    .data               usart.o
    0x20020024   0x00000028   Data   RW          551    .data               can.o
    0x2002004c   0x00000009   Data   RW          622    .data               can_drive.o
    0x20020055   0x00000003   PAD
    0x20020058   0x00000014   Data   RW          682    .data               timer.o
    0x2002006c   0x000000cc   Data   RW          740    .data               task.o
    0x20020138   0x000000a0   Data   RW          839    .data               dataprocess.o
    0x200201d8   0x0000001a   Data   RW          899    .data               engine.o
    0x200201f2   0x00000002   PAD
    0x200201f4   0x0000000c   Data   RW          986    .data               battery.o
    0x20020200   0x0000001c   Data   RW         1027    .data               usmart.o
    0x2002021c   0x0000010c   Data   RW         1104    .data               usmart_config.o
    0x20020328   0x000001b0   Zero   RW          314    .bss                usart.o
    0x200204d8   0x00000018   Zero   RW          739    .bss                task.o
    0x200204f0   0x000000a8   Zero   RW          838    .bss                dataprocess.o
    0x20020598   0x00000060   Zero   RW         1378    .bss                c_w.l(libspace.o)
    0x200205f8   0x00000000   Zero   RW            2    HEAP                startup_stm32f767xx.o
    0x200205f8   0x00000800   Zero   RW            1    STACK               startup_stm32f767xx.o


==============================================================================

Image component sizes


      Code (inc. data)   RO Data    RW Data    ZI Data      Debug   Object Name

         0          0          0         12          0        264   battery.o
      1900         92          0         40          0       6457   can.o
       892          6          0          9          0       4531   can_drive.o
      2584        216          0        160        168       9055   dataprocess.o
       232         18          0          4          0       2423   delay.o
         0          0          0         26          0       1606   engine.o
        72         10          0          0          0        475   led.o
        96         48          0          0          0        504   mpu.o
        92         26        504          0       2048        852   startup_stm32f767xx.o
      1158         64          0          0          0      38840   sys.o
      2864        320          0        204         24       9259   task.o
       130          0          0          0          0     677596   test.o
       332         60          0         20          0       2750   timer.o
      1464        182          0         32        432      10368   usart.o
      3170       1350         40         28          0       7694   usmart.o
         0          0         96        268          0       1484   usmart_config.o
      1400         20          0          0          0       8905   usmart_str.o

    ----------------------------------------------------------------------
     16398       2412        672        808       2672     783063   Object Totals
         0          0         32          0          0          0   (incl. Generated)
        12          0          0          5          0          0   (incl. Padding)

    ----------------------------------------------------------------------

      Code (inc. data)   RO Data    RW Data    ZI Data      Debug   Library Member Name

        90          0          0          0          0          0   __dczerorl2.o
         8          0          0          0          0         68   __main.o
       392          4         17          0          0         92   __printf_flags_ss_wp.o
        14          0          0          0          0         68   __printf_wp.o
         0          0          0          0          0          0   __rtentry.o
        12          0          0          0          0          0   __rtentry2.o
         6          0          0          0          0          0   __rtentry4.o
        52          8          0          0          0          0   __scatter.o
        28          0          0          0          0          0   __scatter_zi.o
         6          0          0          0          0          0   _printf_c.o
        44          0          0          0          0        108   _printf_char.o
        48          6          0          0          0         96   _printf_char_common.o
        36          4          0          0          0         80   _printf_char_file.o
         6          0          0          0          0          0   _printf_d.o
       120         16          0          0          0         92   _printf_dec.o
        88          4         40          0          0         88   _printf_hex_int.o
       178          0          0          0          0         88   _printf_intcommon.o
        78          0          0          0          0        108   _printf_pad.o
         0          0          0          0          0          0   _printf_percent.o
         4          0          0          0          0          0   _printf_percent_end.o
         6          0          0          0          0          0   _printf_s.o
        82          0          0          0          0         80   _printf_str.o
         6          0          0          0          0          0   _printf_u.o
         6          0          0          0          0          0   _printf_x.o
        22          0          0          0          0        100   _rserrno.o
        18          0          0          0          0         80   exit.o
         8          0          0          0          0         68   ferror.o
         6          0          0          0          0        152   heapauxi.o
         2          0          0          0          0          0   libinit.o
         6          0          0          0          0          0   libinit2.o
         2          0          0          0          0          0   libshutdown.o
         2          0          0          0          0          0   libshutdown2.o
         8          4          0          0         96         68   libspace.o
        24          4          0          0          0         84   noretval__2printf.o
         8          4          0          0          0         68   rt_errno_addr_intlibspace.o
         2          0          0          0          0          0   rtexit.o
        10          0          0          0          0          0   rtexit2.o
        74          0          0          0          0         80   sys_stackheap_outer.o
         2          0          0          0          0         68   use_no_semi.o
         2          0          0          0          0         68   use_no_semi_2.o
        10          0          0          0          0        116   fpinit.o
         0          0          0          0          0          0   usenofp.o
       176         18          0          0          0        156   cos.o
       224         42         48          0          0        184   cos_i.o
        48         28          0          0          0        232   dunder.o
        24          0          0          0          0        124   fabs.o
        48          0          0          0          0        124   fpclassify.o
       112          0          0          0          0        116   poly.o
       784        138        200          0          0        172   rred.o
       176         18          0          0          0        160   sin.o
       168         24         40          0          0        196   sin_i.o

    ----------------------------------------------------------------------
      3284        322        350          0         96       3384   Library Totals
         8          0          5          0          0          0   (incl. Padding)

    ----------------------------------------------------------------------

      Code (inc. data)   RO Data    RW Data    ZI Data      Debug   Library Name

      1506         54         57          0         96       1804   c_w.l
        10          0          0          0          0        116   fz_wv.l
      1760        268        288          0          0       1464   m_wv.l

    ----------------------------------------------------------------------
      3284        322        350          0         96       3384   Library Totals

    ----------------------------------------------------------------------

==============================================================================


      Code (inc. data)   RO Data    RW Data    ZI Data      Debug   

     19682       2734       1022        808       2768     777263   Grand Totals
     19682       2734       1022        168       2768     777263   ELF Image Totals (compressed)
     19682       2734       1022        168          0          0   ROM Totals

==============================================================================

    Total RO  Size (Code + RO Data)                20704 (  20.22kB)
    Total RW  Size (RW Data + ZI Data)              3576 (   3.49kB)
    Total ROM Size (Code + RO Data + RW Data)      20872 (  20.38kB)

==============================================================================

